
> bookstore-backend@1.0.0 test
> jest

node.exe : 
(node:5748) 
[MONGOOSE] Warning: 
Duplicate schema 
index on {"user":1} 
found. This is 
often due to 
declaring an index 
using both "index: 
true" and 
"schema.index()". 
Please remove the 
duplicate index 
definition.
At line:1 char:1
+ & "C:\Program File
s\nodejs/node.exe" 
"C:\Program Files\no
dejs/node_mo ...
+ ~~~~~~~~~~~~~~~~~~
~~~~~~~~~~~~~~~~~~~~
~~~~~~~~~~~~~~~~~~~~
~~~~~~~~~~~
    + CategoryInfo  
            : NotS  
  pecified: ((nod   
 e:5748) [MO...d    
ex definition.:    
String) [], Rem    
oteException
    + FullyQualifie 
   dErrorId : Nati  
  veCommandError
 
(Use `node 
--trace-warnings 
...` to show where 
the warning was 
created)
(node:24360) 
[MONGOOSE] Warning: 
Duplicate schema 
index on {"user":1} 
found. This is 
often due to 
declaring an index 
using both "index: 
true" and 
"schema.index()". 
Please remove the 
duplicate index 
definition.
(Use `node 
--trace-warnings 
...` to show where 
the warning was 
created)
(node:24360) 
[MONGOOSE] Warning: 
Duplicate schema 
index on 
{"orderNumber":1} 
found. This is 
often due to 
declaring an index 
using both "index: 
true" and 
"schema.index()". 
Please remove the 
duplicate index 
definition.
(node:5748) 
[MONGOOSE] Warning: 
Duplicate schema 
index on 
{"orderNumber":1} 
found. This is 
often due to 
declaring an index 
using both "index: 
true" and 
"schema.index()". 
Please remove the 
duplicate index 
definition.
FAIL 
tests/auth.test.js
  ΓùÅ Auth API ΓÇ║ 
should register a 
new user

    expect(received)
.toEqual(expected) 
// deep equality

    Expected: 201
    Received: 404

    [0m [90m 20 
|[39m             
[33m.[39msend(testU
ser)[33m;[39m
     [90m 21 |[39m
    [31m[1m>[22m
[39m[90m 22 |[39m 
        expect(res[
33m.[39mstatusCode)
[33m.[39mtoEqual(
[35m201[39m)[33m;
[39m
     [90m    
|[39m              
                  
[31m[1m^[22m[39m
     [90m 23 
|[39m         expec
t(res[33m.[39mbody
)[33m.[39mtoHavePr
operty([32m'token'
[39m)[33m;[39m
     [90m 24 
|[39m         expec
t(res[33m.[39mbody
[33m.[39muser)[33
m.[39mtoHavePropert
y([32m'email'[39m
[33m,[39m testUser
[33m.[39memail)[33
m;[39m
     [90m 25 
|[39m     
})[33m;[39m[0m

      at 
Object.toEqual (test
s/auth.test.js:22:32
)

  ΓùÅ Auth API ΓÇ║ 
should login the 
user

    expect(received)
.toEqual(expected) 
// deep equality

    Expected: 200
    Received: 404

    [0m [90m 33 
|[39m             
})[33m;[39m
     [90m 34 |[39m
    [31m[1m>[22m
[39m[90m 35 |[39m 
        expect(res[
33m.[39mstatusCode)
[33m.[39mtoEqual(
[35m200[39m)[33m;
[39m
     [90m    
|[39m              
                  
[31m[1m^[22m[39m
     [90m 36 
|[39m         expec
t(res[33m.[39mbody
)[33m.[39mtoHavePr
operty([32m'token'
[39m)[33m;[39m
     [90m 37 
|[39m         
token [33m=[39m re
s[33m.[39mbody[33
m.[39mtoken[33m;[
39m
     [90m 38 
|[39m     
})[33m;[39m[0m

      at 
Object.toEqual (test
s/auth.test.js:35:32
)

  ΓùÅ Auth API ΓÇ║ 
should get current 
user profile

    expect(received)
.toEqual(expected) 
// deep equality

    Expected: 200
    Received: 404

    [0m [90m 43 
|[39m             
[33m.[39m[36mset[
39m([32m'Authorizat
ion'[39m[33m,[39m
 [32m`Bearer ${toke
n}`[39m)[33m;[39m
     [90m 44 |[39m
    [31m[1m>[22m
[39m[90m 45 |[39m 
        expect(res[
33m.[39mstatusCode)
[33m.[39mtoEqual(
[35m200[39m)[33m;
[39m
     [90m    
|[39m              
                  
[31m[1m^[22m[39m
     [90m 46 
|[39m         expec
t(res[33m.[39mbody
[33m.[39muser)[33
m.[39mtoHavePropert
y([32m'email'[39m
[33m,[39m testUser
[33m.[39memail)[33
m;[39m
     [90m 47 
|[39m     
})[33m;[39m
     [90m 48 
|[39m[0m

      at 
Object.toEqual (test
s/auth.test.js:45:32
)

  ΓùÅ Auth API ΓÇ║ 
should fail login 
with wrong password

    expect(received)
.toEqual(expected) 
// deep equality

    Expected: 401
    Received: 404

    [0m [90m 55 
|[39m             
})[33m;[39m
     [90m 56 |[39m
    [31m[1m>[22m
[39m[90m 57 |[39m 
        expect(res[
33m.[39mstatusCode)
[33m.[39mtoEqual(
[35m401[39m)[33m;
[39m
     [90m    
|[39m              
                  
[31m[1m^[22m[39m
     [90m 58 
|[39m     
})[33m;[39m
     [90m 59 
|[39m })[33m;[39m
     [90m 60 
|[39m[0m

      at 
Object.toEqual (test
s/auth.test.js:57:32
)

FAIL 
tests/books.test.js 
(11.366 s)
  ΓùÅ Books API ΓÇ║ 
should get all books

    
ValidationError: 
Book validation 
failed: isbn: ISBN 
is required, 
category: `Fiction` 
is not a valid enum 
value for path 
`category`.

      at model.Docum
ent.invalidate (node
_modules/mongoose/li
b/document.js:3358:3
2)
      at node_module
s/mongoose/lib/docum
ent.js:3119:17
      at node_module
s/mongoose/lib/schem
aType.js:1416:9

  ΓùÅ Books API ΓÇ║ 
should get all books

    thrown: 
"Exceeded timeout 
of 5000 ms for a 
hook.
    Add a timeout 
value to this test 
to increase the 
timeout, if this is 
a long-running 
test. See https://je
stjs.io/docs/api#tes
tname-fn-timeout."

    [0m [90m 22 
|[39m     
})[33m;[39m
     [90m 23 |[39m
    [31m[1m>[22m
[39m[90m 24 |[39m 
    afterEach([36ma
sync[39m () 
[33m=>[39m {
     [90m    
|[39m     
[31m[1m^[22m[39m
     [90m 25 
|[39m         
[36mawait[39m [33
mBook[39m[33m.[39
mdeleteMany({})[33m
;[39m
     [90m 26 
|[39m     
})[33m;[39m
     [90m 27 
|[39m[0m

      at afterEach (
tests/books.test.js:
24:5)
      at 
Object.describe (tes
ts/books.test.js:9:1
)

  ΓùÅ Books API ΓÇ║ 
should get a book 
by ID

    
ValidationError: 
Book validation 
failed: isbn: ISBN 
is required, 
category: `Fiction` 
is not a valid enum 
value for path 
`category`.

      at model.Docum
ent.invalidate (node
_modules/mongoose/li
b/document.js:3358:3
2)
      at node_module
s/mongoose/lib/docum
ent.js:3119:17
      at node_module
s/mongoose/lib/schem
aType.js:1416:9

  ΓùÅ Books API ΓÇ║ 
should get a book 
by ID

    thrown: 
"Exceeded timeout 
of 5000 ms for a 
hook.
    Add a timeout 
value to this test 
to increase the 
timeout, if this is 
a long-running 
test. See https://je
stjs.io/docs/api#tes
tname-fn-timeout."

    [0m [90m 22 
|[39m     
})[33m;[39m
     [90m 23 |[39m
    [31m[1m>[22m
[39m[90m 24 |[39m 
    afterEach([36ma
sync[39m () 
[33m=>[39m {
     [90m    
|[39m     
[31m[1m^[22m[39m
     [90m 25 
|[39m         
[36mawait[39m [33
mBook[39m[33m.[39
mdeleteMany({})[33m
;[39m
     [90m 26 
|[39m     
})[33m;[39m
     [90m 27 
|[39m[0m

      at afterEach (
tests/books.test.js:
24:5)
      at 
Object.describe (tes
ts/books.test.js:9:1
)

A worker process 
has failed to exit 
gracefully and has 
been force exited. 
This is likely 
caused by tests 
leaking due to 
improper teardown. 
Try running with 
--detectOpenHandles 
to find leaks. 
Active timers can 
also cause this, 
ensure that 
.unref() was called 
on them.
Test Suites: 2 
failed, 2 total
Tests:       6 
failed, 6 total
Snapshots:   0 total
Time:        12.382 
s
Ran all test suites.
